C51 COMPILER V9.00   1021                                                                  10/25/2021 21:17:59 PAGE 1   


C51 COMPILER V9.00, COMPILATION OF MODULE 1021
OBJECT MODULE PLACED IN 1021.OBJ
COMPILER INVOKED BY: C:\Keil\C51\BIN\C51.EXE 1021.c BROWSE DEBUG OBJECTEXTEND

line level    source

   1           #include<reg52.h>
   2            #include<math.h>
   3           #define uchar unsigned char
   4           #define uint unsigned int
   5            uchar code d[]={0x3f,0x06,0x5b,0x4f,
   6                                                   0x66,0x6d,0x7d,0x07,
   7                                                   0x7f,0x6f/*,0x77,0x7c,
   8                                                   0x39,0x5e,0x79,0x71,*/
   9                                                  };
  10           uchar code w[]={0xfe,0xfd,0xfb,0xf7,
  11                                                   0xef,0xdf/*0xbf,0x7f,*/
  12                                                  };
  13          //变量声明
  14          uint ms=0,s=0,m=0,h=0,sflash=0,mflash=0,hflash=0,Turn=0;
  15          uchar s1=15,m1=0,h1=0,Ifdisplay=1,Distime;
  16          uchar j,k;
  17          
  18          
  19          sbit beep=P2^4;//蜂鸣器接口
  20          
  21          sbit keyset=P3^2;
  22          sbit keyadd=P2^0;
  23          sbit keylow=P2^1;
  24          //灯泡
  25          /*
  26          LED=0;//红灯亮
  27          LED1=1;//蓝灯灭
  28          LED2=1;//绿灯灭
  29          */
  30          sbit keyend=P3^3;//
  31          sbit LED1=P3^4;
  32          sbit LED2=P3^5;
  33          sbit LED3=P2^2;
  34          //声控接口
  35          sbit Sound=P2^5;
  36          
  37          
  38          //延时函数
  39          void delay(uchar i)
  40          {
  41   1        for(j=i;j>0;j--)
  42   1          for(k=125;k>0;k--);
  43   1      }
  44          
  45          //蜂鸣器发声
  46          void beepon(){
  47   1      beep=0;
  48   1      delay(500);
  49   1      beep=1;
  50   1      }
  51          //外部中断
  52          void EX0_init()
  53          {
  54   1              IT0=1;
  55   1              EX0=1;
C51 COMPILER V9.00   1021                                                                  10/25/2021 21:17:59 PAGE 2   

  56   1              EA=1;
  57   1      }
  58          //定时器中断
  59          void T0_init()
  60          {
  61   1      TMOD=0X01;//选择定时器0
  62   1      TH0=(65536-50000)/256;//装入50MS的初值
  63   1      TL0=(65536-50000)%256;
  64   1      EA=1;//打开总中断
  65   1      ET0=1;//打开定时器0中断
  66   1      TR0=1;//开启定时器0
  67   1      }
  68          
  69          //数码管显示函数
  70          void display(){
  71   1                      if(Ifdisplay == 0)
  72   1                      {
  73   2                              //正常显示
  74   2                              
  75   2      //只有小时不=0的时候才显示
  76   2              if(h)
  77   2              {
  78   3              //十位
  79   3                      P1=d[h/10];
  80   3                      P0=w[5];
  81   3                      delay(10);
  82   3              //个位
  83   3                      P1=d[h%10]+0x80;
  84   3                      P0=w[4];
  85   3                      delay(10);
  86   3              }
  87   2      //只有分钟不=0的时候才显示
  88   2              if(m)
  89   2              {
  90   3              //十位
  91   3                      P1=d[m/10];
  92   3                      P0=w[3];
  93   3                      delay(10);
  94   3              //个位
  95   3                      P1=d[m%10]+0x80;
  96   3                      P0=w[2];
  97   3                      delay(10);
  98   3              }
  99   2      //不管咋样秒钟都显示
 100   2              //十位
 101   2                      P1=d[s/10];
 102   2                      P0=w[1];
 103   2                      delay(10);
 104   2              //个位
 105   2                      P1=d[s%10];
 106   2                      P0=w[0];
 107   2                      delay(10);                      
 108   2                      }
 109   1                      else
 110   1                      {
 111   2                              P0=0xff;
 112   2                      }
 113   1              }
 114          //按键检测
 115          void keyscan()
 116          {
 117   1              //只有功能键按下才检测
C51 COMPILER V9.00   1021                                                                  10/25/2021 21:17:59 PAGE 3   

 118   1              if(Turn!=0)
 119   1              {
 120   2              //按下去先让一秒亮一次的灯不亮
 121   2                      LED3=1;
 122   2              //先检测增大
 123   2                      if(keyadd == 0)//增加键被按下
 124   2                      {
 125   3                              delay(20);//消抖
 126   3                              if(keyadd == 0)//松手检测
 127   3                              {
 128   4                                      while(!keyadd);
 129   4                                      beepon();
 130   4                                      switch(Turn)//选择增加时分秒其中一个
 131   4                                      {
 132   5                                              case 1:
 133   5                                                      //      LED=!LED;
 134   5                                                              s++;
 135   5                                                              if(s>59)
 136   5                                                                      s=0;
 137   5                                                              break;
 138   5                                              case 2:
 139   5                                                      //      LED1=!LED1;
 140   5                                                              m++;
 141   5                                                              if(m>59)
 142   5                                                                      m=0;
 143   5                                                              break;
 144   5                                              case 3:
 145   5                                                              h++;
 146   5                                                              if(h>23)
 147   5                                                                      h=0;
 148   5                                                              break;
 149   5                                      }
 150   4                              }
 151   3                      }
 152   2      
 153   2              //再检测减小
 154   2                      if(keylow == 0)//减小键被按下
 155   2                      {
 156   3                              delay(20);//消抖
 157   3                              if(keylow == 0)//松手检测
 158   3                              {
 159   4                                      while(!keylow);
 160   4                                      beepon();
 161   4                                      switch(Turn)//选择减少时分秒其中一个
 162   4                                      {
 163   5                                              case 1:
 164   5                                                      //      LED=!LED;
 165   5                                                              s--;
 166   5                                                              if(s == -1)     //这要用==-1 不能用<0;不然猛乱码 2021年10月3日16:45:59
 167   5                                                                      {
 168   6                                                              //      P1=d[5];
 169   6                                                              //      P0=w[1];
 170   6                                                              //      delay(10);
 171   6                                                                      P1=0Xff;
 172   6                                                                      delay(20);
 173   6                                                                      s=59;
 174   6                                                                      }
 175   5                                                              break;
 176   5                                              case 2:
 177   5                                                      //      LED1=!LED1;
 178   5                                                              m--;
 179   5                                                              if(m== -1)
C51 COMPILER V9.00   1021                                                                  10/25/2021 21:17:59 PAGE 4   

 180   5                                                                      m=59;
 181   5                                                              break;
 182   5                                              case 3:
 183   5                                                              h--;
 184   5                                                              if(h== -1)
 185   5                                                                      h=23;
 186   5                                                              break;
 187   5                                      }
 188   4                              }
 189   3                      }
 190   2      
 191   2              }
 192   1      }
 193          
 194          void main()
 195          {
 196   1              P1=0xff;
 197   1              EX0_init();
 198   1              T0_init();
 199   1              Turn=0;
 200   1      
 201   1              while(1)
 202   1              {
 203   2              //      P0=0xff;
 204   2              //      display();      
 205   2                 /*
 206   2                      if(s1==s)
 207   2                      {
 208   2                              //蜂鸣器响20s
 209   2                              beep=0;
 210   2                              delay(1000);
 211   2                              beep=1;
 212   2                              TR0=0;
 213   2                              LED3=0;
 214   2                      //      s1=61;
 215   2                              //按键测试
 216   2                      
 217   2                      }
 218   2                      */
 219   2                      EX0=1;
 220   2                      Sound=1;
 221   2                      keyscan();
 222   2                      delay(30);
 223   2              //      Ifdisplay=0;
 224   2                      
 225   2                      Sound=1;
 226   2                      if(Sound==0 )
 227   2                      {
 228   3                              Ifdisplay=0;
 229   3                              Distime=s;
 230   3                              //P0=0xff;
 231   3                              //delay(1000);
 232   3                              //Ifdisplay=1;
 233   3                                      
 234   3                      }
 235   2                      display();
 236   2                      
 237   2                      if(abs(s-Distime) == 10)
 238   2                      {
 239   3                              Ifdisplay=1;
 240   3                      //      display();
 241   3                      }
C51 COMPILER V9.00   1021                                                                  10/25/2021 21:17:59 PAGE 5   

 242   2                      
 243   2                      
 244   2                      
 245   2              }
 246   1      }
 247          //定时器
 248          void T0_int() interrupt 1
 249          {
 250   1              TH0=(66635-50000)/256;
 251   1              TL0=(66635-50000)%256;
 252   1              ms++;//到了20次说明到了1s,ms加一次是50ms
 253   1              if(ms == 20)//一秒到了
 254   1              {
 255   2                      ms=0;//重新算一秒
 256   2                      s++;
 257   2                      LED3=!LED3;//灯闪一下
 258   2                      if(s>59)
 259   2                      {
 260   3                              s=0;
 261   3                              m++;
 262   3                              if(m>59)
 263   3                              {
 264   4                                      m=0;
 265   4                                      h++;
 266   4                                      if(h>23)
 267   4                                              h=0;
 268   4                              }
 269   3                      }
 270   2                      //这里是到了设定时间的函数(先不写)
 271   2              }
 272   1      }
 273          //外部中断
 274          void EX0_int() interrupt 0
 275          {
 276   1              if(keyset==0)//检测S1
 277   1              {
 278   2                      delay(5);
 279   2                      if(keyset==0)
 280   2                      {       
 281   3                      //      LED=!LED;
 282   3                              Turn++;
 283   3                              //特殊情况（仅用于验收）
 284   3                      //      s1=s+5;
 285   3                      //      beep=1;
 286   3                              TR0=0;
 287   3                              if(Turn == 1)
 288   3                              {
 289   4                                //    LED=0;//红灯亮
 290   4                                      LED1=1;//蓝灯灭
 291   4                                      LED2=1;//绿灯灭
 292   4                      
 293   4                              }
 294   3                              if(Turn == 2)
 295   3                              {
 296   4                              //      LED=1;//红灯灭
 297   4                                      LED1=0;//蓝灯亮
 298   4                                      LED2=1;//绿灯灭
 299   4                              }
 300   3                              if(Turn == 3)
 301   3                              {
 302   4                      //              LED=1;//红灯灭
 303   4                                      LED1=1;//蓝灯灭
C51 COMPILER V9.00   1021                                                                  10/25/2021 21:17:59 PAGE 6   

 304   4                                      LED2=0;//绿灯亮
 305   4                                      //LED=1;
 306   4                              }
 307   3                              if(Turn == 4)
 308   3                                      {
 309   4                                      //按一次蜂鸣器就不响
 310   4                              //      beep=1;
 311   4                                      //指示灯操作(全灭)
 312   4                      //              LED=1;
 313   4                                      LED1=1;
 314   4                                      LED2=1;
 315   4                                      //打开定时器，让一秒闪一下的灯继续
 316   4                                      TR0=1;
 317   4                                      LED3=0;
 318   4                                      //定时
 319   4                              //      s1=s+5;
 320   4                                      Turn=0;
 321   4                                      }
 322   3                      }
 323   2              }
 324   1      }
 325          
 326          
 327          
 328          
 329          


MODULE INFORMATION:   STATIC OVERLAYABLE
   CODE SIZE        =    770    ----
   CONSTANT SIZE    =     16    ----
   XDATA SIZE       =   ----    ----
   PDATA SIZE       =   ----    ----
   DATA SIZE        =     23    ----
   IDATA SIZE       =   ----    ----
   BIT SIZE         =   ----    ----
END OF MODULE INFORMATION.


C51 COMPILATION COMPLETE.  0 WARNING(S),  0 ERROR(S)
