C51 COMPILER V9.00   DS1302_1                                                              11/18/2021 00:55:00 PAGE 1   


C51 COMPILER V9.00, COMPILATION OF MODULE DS1302_1
OBJECT MODULE PLACED IN ds1302_1.OBJ
COMPILER INVOKED BY: C:\Keil\C51\BIN\C51.EXE ds1302_1.c BROWSE DEBUG OBJECTEXTEND

line level    source

   1          #include<reg52.h>
   2           #define uchar unsigned char
   3           #define uint unsigned int
   4           uchar code d[]={0x3f,0x06,0x5b,0x4f,
   5                                                   0x66,0x6d,0x7d,0x07,
   6                                                   0x7f,0x6f/*,0x77,0x7c,
   7                                                   0x39,0x5e,0x79,0x71,*/
   8                                                  };
   9           uchar code w[]={0xfe,0xfd,0xfb,0xf7,
  10                                                   0xef,0xdf/*0xbf,0x7f,*/
  11                                                  };
  12          sbit LED=P2^0;
  13          sbit TSCLK = P2^1;//串行时钟输入端
  14          sbit TIO   = P2^2;//双向输入线（数据线）
  15          sbit TRST  = P2^3;//使能端
  16          //变量
  17          uint ms=0,s=0,m=0,h=0,sflash=0,mflash=0,hflash=0,Turn=0;
  18          uchar s1=15,m1=0,h1=0,Ifdisplay=1,Distime;
  19          //延时函数
  20          void delay(uchar i)
  21          {
  22   1      uchar j,k;
  23   1        for(j=i;j>0;j--)
  24   1          for(k=125;k>0;k--);
  25   1      }
  26          //定时器中断
  27          void T0_init()
  28          {
  29   1      TMOD=0X01;//选择定时器0
  30   1      TH0=(65536-50000)/256;//装入50MS的初值
  31   1      TL0=(65536-50000)%256;
  32   1      EA=1;//打开总中断
  33   1      ET0=1;//打开定时器0中断
  34   1      TR0=1;//开启定时器0
  35   1      }
  36          //数码管显示函数
  37          void display(){
  38   1                      if(Ifdisplay == 0)
  39   1                      {
  40   2                              //正常显示
  41   2                              
  42   2      //只有小时不=0的时候才显示
  43   2      //      if(h)
  44   2              {
  45   3              //十位
  46   3                      P1=d[h/10];
  47   3                      P0=w[5];
  48   3                      delay(10);
  49   3              //个位
  50   3                      P1=d[h%10]+0x80;
  51   3                      P0=w[4];
  52   3                      delay(10);
  53   3              }
  54   2      //只有分钟不=0的时候才显示
  55   2      //      if(m)
C51 COMPILER V9.00   DS1302_1                                                              11/18/2021 00:55:00 PAGE 2   

  56   2              {
  57   3              //十位
  58   3                      P1=d[m/10];
  59   3                      P0=w[3];
  60   3                      delay(10);
  61   3              //个位
  62   3                      P1=d[m%10]+0x80;
  63   3                      P0=w[2];
  64   3                      delay(10);
  65   3              }
  66   2      //不管咋样秒钟都显示
  67   2              //十位
  68   2                      P1=d[s/10];
  69   2                      P0=w[1];
  70   2                      delay(10);
  71   2              //个位
  72   2                      P1=d[s%10];
  73   2                      P0=w[0];
  74   2                      delay(10);                      
  75   2                      }
  76   1                      else
  77   1                      {
  78   2                              P0=0xff;
  79   2                      }
  80   1              }
  81          /*******************************************************************/
  82          /*                                                                 */
  83          /*                              ds1302写一个字节                               */
  84          /*                                                                 */
  85          /*******************************************************************/
  86          void write_DS1302(uchar cmd,uchar dat)//写一个字节
  87          {
  88   1              uchar i ;
  89   1              TRST = 0;//拉低使能端
  90   1              TSCLK = 0;//拉低数据总线
  91   1              TRST = 1;//使能端产生上升沿
  92   1              for(i = 0; i < 8; i ++)//写命令
  93   1              {
  94   2                      TSCLK = 0;
  95   2                      TIO = cmd & 0x01;//最低位先传
  96   2                      TSCLK = 1;//数据总线产生上升沿，数据被DS1302读走
  97   2                      cmd >>= 1;//右移1位
  98   2              }       
  99   1              for(i = 0; i < 8;i ++)//写数据
 100   1              {
 101   2                      TSCLK = 0;
 102   2                      TIO = dat & 0x01;//最低位先传
 103   2                      TSCLK = 1;//数据总线产生上升沿，数据被DS1302读走
 104   2                      dat >>= 1;//右移1位
 105   2              }
 106   1              TRST = 0;//拉低使能端，关闭读写功能
 107   1      }
 108          /*******************************************************************/
 109          /*                                                                 */
 110          /*                              ds1302读取数据                                */
 111          /*                                                                 */
 112          /*******************************************************************/
 113          uchar read_DS1302(uchar cmd)//读取数据
 114          {
 115   1              uchar i,dat;
 116   1              TRST = 0;//拉低使能端
 117   1              TSCLK = 0;//拉低数据总线
C51 COMPILER V9.00   DS1302_1                                                              11/18/2021 00:55:00 PAGE 3   

 118   1              TRST = 1;//使能端产生上升沿
 119   1              for(i = 0; i < 8; i ++)//传命令
 120   1              {
 121   2                      TSCLK = 0;
 122   2                      TIO = cmd & 0x01;//最低位先传
 123   2                      TSCLK = 1;//数据总线产生上升沿，数据被DS1302读走
 124   2                      cmd >>= 1;//右移1位
 125   2              }
 126   1              for(i = 0;i < 8; i ++)//读数据
 127   1              {
 128   2                      TSCLK = 0;//拉低数据总线
 129   2                      dat >>= 1;
 130   2                      if(TIO)
 131   2                      {
 132   3                              dat |= 0x80;
 133   3                      }
 134   2                      TSCLK = 1;//数据总线产生上升沿，数据被DS1302读走
 135   2              }
 136   1              TRST = 0;//拉低使能端，关闭读写功能
 137   1              return dat;
 138   1      }
 139          /*******************************************************************/
 140          /*                                                                 */
 141          /*                              数据转BCD码                                    */
 142          /*                                                                 */
 143          /*******************************************************************/
 144          uchar dat_to_BCD(uchar dat)//数据转BCD码
 145          {
 146   1              uchar dat1,dat2;
 147   1              dat1 = dat / 10;
 148   1              dat2 = dat % 10;
 149   1              dat2 = dat2 + dat1 * 16;
 150   1              return dat2;
 151   1      }
 152          /*******************************************************************/
 153          /*                                                                 */
 154          /*                              BCD码转数据                                    */
 155          /*                                                                 */
 156          /*******************************************************************/
 157          uchar BDD_to_dat(uchar dat)//BCD码转数据
 158          {
 159   1              uchar dat1,dat2;
 160   1              dat1 = dat /16;
 161   1              dat2 = dat % 16;
 162   1              dat2 = dat2 + dat1 * 10;
 163   1              return dat2;
 164   1      }
 165          
 166          
 167          
 168          void main()
 169          {
 170   1              T0_init();
 171   1              P0=0xff;
 172   1              Ifdisplay =0;
 173   1              //测试
 174   1      //      uchar i;
 175   1      //      uchar sec,min,hour;
 176   1      //      write_DS1302(0x8e,0);//清除写保护
 177   1      //      write_DS1302(0x80,dat_to_BCD(0));//30秒
 178   1      //      write_DS1302(0x82,dat_to_BCD(54));//15分
 179   1      //      write_DS1302(0x84,dat_to_BCD(0));//19时
C51 COMPILER V9.00   DS1302_1                                                              11/18/2021 00:55:00 PAGE 4   

 180   1      //      write_DS1302(0x8e,0x80);//开写保护
 181   1      s = BDD_to_dat(read_DS1302(0x81));//读秒寄存器（进行BCD码转换）
 182   1      m = BDD_to_dat(read_DS1302(0x83));//读分寄存器
 183   1      h = BDD_to_dat(read_DS1302(0x85));//读时寄存器
 184   1      delay(10);
 185   1      write_DS1302(0x8e,0x80); //开写保护
 186   1              while(1)
 187   1              {
 188   2                      //P0=0xff;
 189   2                      //display();
 190   2      
 191   2                      //测试
 192   2      //              write_DS1302(0x8e,0);//清除写保护
 193   2      //              s = BDD_to_dat(read_DS1302(0x81));//读秒寄存器（进行BCD码转换）
 194   2      //              delay(5);
 195   2      //              delay(10);
 196   2      //              m = BDD_to_dat(read_DS1302(0x83));//读分寄存器
 197   2      //              delay(10);
 198   2      //              h = BDD_to_dat(read_DS1302(0x85));//读时寄存器
 199   2      //              delay(10);
 200   2              //      write_DS1302(0x8e,0x80); //开写保护
 201   2      //              delay(5);
 202   2                      display();
 203   2              }
 204   1      }
 205          //定时器
 206          void T0_int() interrupt 1
 207          {
 208   1              TH0=(66635-50000)/256;
 209   1              TL0=(66635-50000)%256;
 210   1              //测试
 211   1              /*
 212   1                      write_DS1302(0x8e,0);
 213   1                      s = BDD_to_dat(read_DS1302(0x81));//读秒寄存器（进行BCD码转换）
 214   1                      //delay(10);
 215   1                      m = BDD_to_dat(read_DS1302(0x83));//读分寄存器
 216   1                      //delay(10);
 217   1                      h = BDD_to_dat(read_DS1302(0x85));//读时寄存器
 218   1                      //delay(10);
 219   1                      write_DS1302(0x8e,0x80); //开写保护
 220   1                      //delay(10);
 221   1                      */
 222   1              //测试结束
 223   1              ms++;//到了20次说明到了1s,ms加一次是50ms
 224   1              if(ms == 20)//一秒到了
 225   1              {
 226   2                      ms=0;//重新算一秒
 227   2                      s++;
 228   2                      LED=!LED;//灯闪一下
 229   2                      if(s>59)
 230   2                      {
 231   3                              s=0;
 232   3                              m++;
 233   3                              if(m>59)
 234   3                              {
 235   4                                      m=0;
 236   4                                      h++;
 237   4                                      if(h>23)
 238   4                                              h=0;
 239   4                              }
 240   3                      }
 241   2                      //这里是到了设定时间的函数(先不写)
C51 COMPILER V9.00   DS1302_1                                                              11/18/2021 00:55:00 PAGE 5   

 242   2              }
 243   1      }


MODULE INFORMATION:   STATIC OVERLAYABLE
   CODE SIZE        =    539    ----
   CONSTANT SIZE    =     16    ----
   XDATA SIZE       =   ----    ----
   PDATA SIZE       =   ----    ----
   DATA SIZE        =     21    ----
   IDATA SIZE       =   ----    ----
   BIT SIZE         =   ----    ----
END OF MODULE INFORMATION.


C51 COMPILATION COMPLETE.  0 WARNING(S),  0 ERROR(S)
